DEBUG:train:EfficientNetBN(
  (_conv_stem): Conv3d(3, 64, kernel_size=(3, 3, 3), stride=(2, 2, 2), bias=False)
  (_conv_stem_padding): ConstantPad3d(padding=(0, 1, 0, 1, 0, 1), value=0.0)
  (_bn0): BatchNorm3d(64, eps=0.001, momentum=0.01, affine=True, track_running_stats=True)
  (_blocks): Sequential(
    (0): Sequential(
      (0): MBConvBlock(
        (_expand_conv): Identity()
        (_expand_conv_padding): Identity()
        (_bn0): Identity()
        (_depthwise_conv): Conv3d(64, 64, kernel_size=(3, 3, 3), stride=(1, 1, 1), groups=64, bias=False)
        (_depthwise_conv_padding): ConstantPad3d(padding=(1, 1, 1, 1, 1, 1), value=0.0)
        (_bn1): BatchNorm3d(64, eps=0.001, momentum=0.01, affine=True, track_running_stats=True)
        (_se_adaptpool): AdaptiveAvgPool3d(output_size=1)
        (_se_reduce): Conv3d(64, 16, kernel_size=(1, 1, 1), stride=(1, 1, 1))
        (_se_reduce_padding): Identity()
        (_se_expand): Conv3d(16, 64, kernel_size=(1, 1, 1), stride=(1, 1, 1))
        (_se_expand_padding): Identity()
        (_project_conv): Conv3d(64, 32, kernel_size=(1, 1, 1), stride=(1, 1, 1), bias=False)
        (_project_conv_padding): Identity()
        (_bn2): BatchNorm3d(32, eps=0.001, momentum=0.01, affine=True, track_running_stats=True)
        (_swish): MemoryEfficientSwish()
      )
      (1): MBConvBlock(
        (_expand_conv): Identity()
        (_expand_conv_padding): Identity()
        (_bn0): Identity()
        (_depthwise_conv): Conv3d(32, 32, kernel_size=(3, 3, 3), stride=(1, 1, 1), groups=32, bias=False)
        (_depthwise_conv_padding): ConstantPad3d(padding=(1, 1, 1, 1, 1, 1), value=0.0)
        (_bn1): BatchNorm3d(32, eps=0.001, momentum=0.01, affine=True, track_running_stats=True)
        (_se_adaptpool): AdaptiveAvgPool3d(output_size=1)
        (_se_reduce): Conv3d(32, 8, kernel_size=(1, 1, 1), stride=(1, 1, 1))
        (_se_reduce_padding): Identity()
        (_se_expand): Conv3d(8, 32, kernel_size=(1, 1, 1), stride=(1, 1, 1))
        (_se_expand_padding): Identity()
        (_project_conv): Conv3d(32, 32, kernel_size=(1, 1, 1), stride=(1, 1, 1), bias=False)
        (_project_conv_padding): Identity()
        (_bn2): BatchNorm3d(32, eps=0.001, momentum=0.01, affine=True, track_running_stats=True)
        (_swish): MemoryEfficientSwish()
      )
      (2): MBConvBlock(
        (_expand_conv): Identity()
        (_expand_conv_padding): Identity()
        (_bn0): Identity()
        (_depthwise_conv): Conv3d(32, 32, kernel_size=(3, 3, 3), stride=(1, 1, 1), groups=32, bias=False)
        (_depthwise_conv_padding): ConstantPad3d(padding=(1, 1, 1, 1, 1, 1), value=0.0)
        (_bn1): BatchNorm3d(32, eps=0.001, momentum=0.01, affine=True, track_running_stats=True)
        (_se_adaptpool): AdaptiveAvgPool3d(output_size=1)
        (_se_reduce): Conv3d(32, 8, kernel_size=(1, 1, 1), stride=(1, 1, 1))
        (_se_reduce_padding): Identity()
        (_se_expand): Conv3d(8, 32, kernel_size=(1, 1, 1), stride=(1, 1, 1))
        (_se_expand_padding): Identity()
        (_project_conv): Conv3d(32, 32, kernel_size=(1, 1, 1), stride=(1, 1, 1), bias=False)
        (_project_conv_padding): Identity()
        (_bn2): BatchNorm3d(32, eps=0.001, momentum=0.01, affine=True, track_running_stats=True)
        (_swish): MemoryEfficientSwish()
      )
      (3): MBConvBlock(
        (_expand_conv): Identity()
        (_expand_conv_padding): Identity()
        (_bn0): Identity()
        (_depthwise_conv): Conv3d(32, 32, kernel_size=(3, 3, 3), stride=(1, 1, 1), groups=32, bias=False)
        (_depthwise_conv_padding): ConstantPad3d(padding=(1, 1, 1, 1, 1, 1), value=0.0)
        (_bn1): BatchNorm3d(32, eps=0.001, momentum=0.01, affine=True, track_running_stats=True)
        (_se_adaptpool): AdaptiveAvgPool3d(output_size=1)
        (_se_reduce): Conv3d(32, 8, kernel_size=(1, 1, 1), stride=(1, 1, 1))
        (_se_reduce_padding): Identity()
        (_se_expand): Conv3d(8, 32, kernel_size=(1, 1, 1), stride=(1, 1, 1))
        (_se_expand_padding): Identity()
        (_project_conv): Conv3d(32, 32, kernel_size=(1, 1, 1), stride=(1, 1, 1), bias=False)
        (_project_conv_padding): Identity()
        (_bn2): BatchNorm3d(32, eps=0.001, momentum=0.01, affine=True, track_running_stats=True)
        (_swish): MemoryEfficientSwish()
      )
    )
    (1): Sequential(
      (4): MBConvBlock(
        (_expand_conv): Conv3d(32, 192, kernel_size=(1, 1, 1), stride=(1, 1, 1), bias=False)
        (_expand_conv_padding): Identity()
        (_bn0): BatchNorm3d(192, eps=0.001, momentum=0.01, affine=True, track_running_stats=True)
        (_depthwise_conv): Conv3d(192, 192, kernel_size=(3, 3, 3), stride=(2, 2, 2), groups=192, bias=False)
        (_depthwise_conv_padding): ConstantPad3d(padding=(0, 1, 0, 1, 0, 1), value=0.0)
        (_bn1): BatchNorm3d(192, eps=0.001, momentum=0.01, affine=True, track_running_stats=True)
        (_se_adaptpool): AdaptiveAvgPool3d(output_size=1)
        (_se_reduce): Conv3d(192, 8, kernel_size=(1, 1, 1), stride=(1, 1, 1))
        (_se_reduce_padding): Identity()
        (_se_expand): Conv3d(8, 192, kernel_size=(1, 1, 1), stride=(1, 1, 1))
        (_se_expand_padding): Identity()
        (_project_conv): Conv3d(192, 48, kernel_size=(1, 1, 1), stride=(1, 1, 1), bias=False)
        (_project_conv_padding): Identity()
        (_bn2): BatchNorm3d(48, eps=0.001, momentum=0.01, affine=True, track_running_stats=True)
        (_swish): MemoryEfficientSwish()
      )
      (5): MBConvBlock(
        (_expand_conv): Conv3d(48, 288, kernel_size=(1, 1, 1), stride=(1, 1, 1), bias=False)
        (_expand_conv_padding): Identity()
        (_bn0): BatchNorm3d(288, eps=0.001, momentum=0.01, affine=True, track_running_stats=True)
        (_depthwise_conv): Conv3d(288, 288, kernel_size=(3, 3, 3), stride=(1, 1, 1), groups=288, bias=False)
        (_depthwise_conv_padding): ConstantPad3d(padding=(1, 1, 1, 1, 1, 1), value=0.0)
        (_bn1): BatchNorm3d(288, eps=0.001, momentum=0.01, affine=True, track_running_stats=True)
        (_se_adaptpool): AdaptiveAvgPool3d(output_size=1)
        (_se_reduce): Conv3d(288, 12, kernel_size=(1, 1, 1), stride=(1, 1, 1))
        (_se_reduce_padding): Identity()
        (_se_expand): Conv3d(12, 288, kernel_size=(1, 1, 1), stride=(1, 1, 1))
        (_se_expand_padding): Identity()
        (_project_conv): Conv3d(288, 48, kernel_size=(1, 1, 1), stride=(1, 1, 1), bias=False)
        (_project_conv_padding): Identity()
        (_bn2): BatchNorm3d(48, eps=0.001, momentum=0.01, affine=True, track_running_stats=True)
        (_swish): MemoryEfficientSwish()
      )
      (6): MBConvBlock(
        (_expand_conv): Conv3d(48, 288, kernel_size=(1, 1, 1), stride=(1, 1, 1), bias=False)
        (_expand_conv_padding): Identity()
        (_bn0): BatchNorm3d(288, eps=0.001, momentum=0.01, affine=True, track_running_stats=True)
        (_depthwise_conv): Conv3d(288, 288, kernel_size=(3, 3, 3), stride=(1, 1, 1), groups=288, bias=False)
        (_depthwise_conv_padding): ConstantPad3d(padding=(1, 1, 1, 1, 1, 1), value=0.0)
        (_bn1): BatchNorm3d(288, eps=0.001, momentum=0.01, affine=True, track_running_stats=True)
        (_se_adaptpool): AdaptiveAvgPool3d(output_size=1)
        (_se_reduce): Conv3d(288, 12, kernel_size=(1, 1, 1), stride=(1, 1, 1))
        (_se_reduce_padding): Identity()
        (_se_expand): Conv3d(12, 288, kernel_size=(1, 1, 1), stride=(1, 1, 1))
        (_se_expand_padding): Identity()
        (_project_conv): Conv3d(288, 48, kernel_size=(1, 1, 1), stride=(1, 1, 1), bias=False)
        (_project_conv_padding): Identity()
        (_bn2): BatchNorm3d(48, eps=0.001, momentum=0.01, affine=True, track_running_stats=True)
        (_swish): MemoryEfficientSwish()
      )
      (7): MBConvBlock(
        (_expand_conv): Conv3d(48, 288, kernel_size=(1, 1, 1), stride=(1, 1, 1), bias=False)
        (_expand_conv_padding): Identity()
        (_bn0): BatchNorm3d(288, eps=0.001, momentum=0.01, affine=True, track_running_stats=True)
        (_depthwise_conv): Conv3d(288, 288, kernel_size=(3, 3, 3), stride=(1, 1, 1), groups=288, bias=False)
        (_depthwise_conv_padding): ConstantPad3d(padding=(1, 1, 1, 1, 1, 1), value=0.0)
        (_bn1): BatchNorm3d(288, eps=0.001, momentum=0.01, affine=True, track_running_stats=True)
        (_se_adaptpool): AdaptiveAvgPool3d(output_size=1)
        (_se_reduce): Conv3d(288, 12, kernel_size=(1, 1, 1), stride=(1, 1, 1))
        (_se_reduce_padding): Identity()
        (_se_expand): Conv3d(12, 288, kernel_size=(1, 1, 1), stride=(1, 1, 1))
        (_se_expand_padding): Identity()
        (_project_conv): Conv3d(288, 48, kernel_size=(1, 1, 1), stride=(1, 1, 1), bias=False)
        (_project_conv_padding): Identity()
        (_bn2): BatchNorm3d(48, eps=0.001, momentum=0.01, affine=True, track_running_stats=True)
        (_swish): MemoryEfficientSwish()
      )
      (8): MBConvBlock(
        (_expand_conv): Conv3d(48, 288, kernel_size=(1, 1, 1), stride=(1, 1, 1), bias=False)
        (_expand_conv_padding): Identity()
        (_bn0): BatchNorm3d(288, eps=0.001, momentum=0.01, affine=True, track_running_stats=True)
        (_depthwise_conv): Conv3d(288, 288, kernel_size=(3, 3, 3), stride=(1, 1, 1), groups=288, bias=False)
        (_depthwise_conv_padding): ConstantPad3d(padding=(1, 1, 1, 1, 1, 1), value=0.0)
        (_bn1): BatchNorm3d(288, eps=0.001, momentum=0.01, affine=True, track_running_stats=True)
        (_se_adaptpool): AdaptiveAvgPool3d(output_size=1)
        (_se_reduce): Conv3d(288, 12, kernel_size=(1, 1, 1), stride=(1, 1, 1))
        (_se_reduce_padding): Identity()
        (_se_expand): Conv3d(12, 288, kernel_size=(1, 1, 1), stride=(1, 1, 1))
        (_se_expand_padding): Identity()
        (_project_conv): Conv3d(288, 48, kernel_size=(1, 1, 1), stride=(1, 1, 1), bias=False)
        (_project_conv_padding): Identity()
        (_bn2): BatchNorm3d(48, eps=0.001, momentum=0.01, affine=True, track_running_stats=True)
        (_swish): MemoryEfficientSwish()
      )
      (9): MBConvBlock(
        (_expand_conv): Conv3d(48, 288, kernel_size=(1, 1, 1), stride=(1, 1, 1), bias=False)
        (_expand_conv_padding): Identity()
        (_bn0): BatchNorm3d(288, eps=0.001, momentum=0.01, affine=True, track_running_stats=True)
        (_depthwise_conv): Conv3d(288, 288, kernel_size=(3, 3, 3), stride=(1, 1, 1), groups=288, bias=False)
        (_depthwise_conv_padding): ConstantPad3d(padding=(1, 1, 1, 1, 1, 1), value=0.0)
        (_bn1): BatchNorm3d(288, eps=0.001, momentum=0.01, affine=True, track_running_stats=True)
        (_se_adaptpool): AdaptiveAvgPool3d(output_size=1)
        (_se_reduce): Conv3d(288, 12, kernel_size=(1, 1, 1), stride=(1, 1, 1))
        (_se_reduce_padding): Identity()
        (_se_expand): Conv3d(12, 288, kernel_size=(1, 1, 1), stride=(1, 1, 1))
        (_se_expand_padding): Identity()
        (_project_conv): Conv3d(288, 48, kernel_size=(1, 1, 1), stride=(1, 1, 1), bias=False)
        (_project_conv_padding): Identity()
        (_bn2): BatchNorm3d(48, eps=0.001, momentum=0.01, affine=True, track_running_stats=True)
        (_swish): MemoryEfficientSwish()
      )
      (10): MBConvBlock(
        (_expand_conv): Conv3d(48, 288, kernel_size=(1, 1, 1), stride=(1, 1, 1), bias=False)
        (_expand_conv_padding): Identity()
        (_bn0): BatchNorm3d(288, eps=0.001, momentum=0.01, affine=True, track_running_stats=True)
        (_depthwise_conv): Conv3d(288, 288, kernel_size=(3, 3, 3), stride=(1, 1, 1), groups=288, bias=False)
        (_depthwise_conv_padding): ConstantPad3d(padding=(1, 1, 1, 1, 1, 1), value=0.0)
        (_bn1): BatchNorm3d(288, eps=0.001, momentum=0.01, affine=True, track_running_stats=True)
        (_se_adaptpool): AdaptiveAvgPool3d(output_size=1)
        (_se_reduce): Conv3d(288, 12, kernel_size=(1, 1, 1), stride=(1, 1, 1))
        (_se_reduce_padding): Identity()
        (_se_expand): Conv3d(12, 288, kernel_size=(1, 1, 1), stride=(1, 1, 1))
        (_se_expand_padding): Identity()
        (_project_conv): Conv3d(288, 48, kernel_size=(1, 1, 1), stride=(1, 1, 1), bias=False)
        (_project_conv_padding): Identity()
        (_bn2): BatchNorm3d(48, eps=0.001, momentum=0.01, affine=True, track_running_stats=True)
        (_swish): MemoryEfficientSwish()
      )
    )
    (2): Sequential(
      (11): MBConvBlock(
        (_expand_conv): Conv3d(48, 288, kernel_size=(1, 1, 1), stride=(1, 1, 1), bias=False)
        (_expand_conv_padding): Identity()
        (_bn0): BatchNorm3d(288, eps=0.001, momentum=0.01, affine=True, track_running_stats=True)
        (_depthwise_conv): Conv3d(288, 288, kernel_size=(5, 5, 5), stride=(2, 2, 2), groups=288, bias=False)
        (_depthwise_conv_padding): ConstantPad3d(padding=(1, 2, 1, 2, 1, 2), value=0.0)
        (_bn1): BatchNorm3d(288, eps=0.001, momentum=0.01, affine=True, track_running_stats=True)
        (_se_adaptpool): AdaptiveAvgPool3d(output_size=1)
        (_se_reduce): Conv3d(288, 12, kernel_size=(1, 1, 1), stride=(1, 1, 1))
        (_se_reduce_padding): Identity()
        (_se_expand): Conv3d(12, 288, kernel_size=(1, 1, 1), stride=(1, 1, 1))
        (_se_expand_padding): Identity()
        (_project_conv): Conv3d(288, 80, kernel_size=(1, 1, 1), stride=(1, 1, 1), bias=False)
        (_project_conv_padding): Identity()
        (_bn2): BatchNorm3d(80, eps=0.001, momentum=0.01, affine=True, track_running_stats=True)
        (_swish): MemoryEfficientSwish()
      )
      (12): MBConvBlock(
        (_expand_conv): Conv3d(80, 480, kernel_size=(1, 1, 1), stride=(1, 1, 1), bias=False)
        (_expand_conv_padding): Identity()
        (_bn0): BatchNorm3d(480, eps=0.001, momentum=0.01, affine=True, track_running_stats=True)
        (_depthwise_conv): Conv3d(480, 480, kernel_size=(5, 5, 5), stride=(1, 1, 1), groups=480, bias=False)
        (_depthwise_conv_padding): ConstantPad3d(padding=(2, 2, 2, 2, 2, 2), value=0.0)
        (_bn1): BatchNorm3d(480, eps=0.001, momentum=0.01, affine=True, track_running_stats=True)
        (_se_adaptpool): AdaptiveAvgPool3d(output_size=1)
        (_se_reduce): Conv3d(480, 20, kernel_size=(1, 1, 1), stride=(1, 1, 1))
        (_se_reduce_padding): Identity()
        (_se_expand): Conv3d(20, 480, kernel_size=(1, 1, 1), stride=(1, 1, 1))
        (_se_expand_padding): Identity()
        (_project_conv): Conv3d(480, 80, kernel_size=(1, 1, 1), stride=(1, 1, 1), bias=False)
        (_project_conv_padding): Identity()
        (_bn2): BatchNorm3d(80, eps=0.001, momentum=0.01, affine=True, track_running_stats=True)
        (_swish): MemoryEfficientSwish()
      )
      (13): MBConvBlock(
        (_expand_conv): Conv3d(80, 480, kernel_size=(1, 1, 1), stride=(1, 1, 1), bias=False)
        (_expand_conv_padding): Identity()
        (_bn0): BatchNorm3d(480, eps=0.001, momentum=0.01, affine=True, track_running_stats=True)
        (_depthwise_conv): Conv3d(480, 480, kernel_size=(5, 5, 5), stride=(1, 1, 1), groups=480, bias=False)
        (_depthwise_conv_padding): ConstantPad3d(padding=(2, 2, 2, 2, 2, 2), value=0.0)
        (_bn1): BatchNorm3d(480, eps=0.001, momentum=0.01, affine=True, track_running_stats=True)
        (_se_adaptpool): AdaptiveAvgPool3d(output_size=1)
        (_se_reduce): Conv3d(480, 20, kernel_size=(1, 1, 1), stride=(1, 1, 1))
        (_se_reduce_padding): Identity()
        (_se_expand): Conv3d(20, 480, kernel_size=(1, 1, 1), stride=(1, 1, 1))
        (_se_expand_padding): Identity()
        (_project_conv): Conv3d(480, 80, kernel_size=(1, 1, 1), stride=(1, 1, 1), bias=False)
        (_project_conv_padding): Identity()
        (_bn2): BatchNorm3d(80, eps=0.001, momentum=0.01, affine=True, track_running_stats=True)
        (_swish): MemoryEfficientSwish()
      )
      (14): MBConvBlock(
        (_expand_conv): Conv3d(80, 480, kernel_size=(1, 1, 1), stride=(1, 1, 1), bias=False)
        (_expand_conv_padding): Identity()
        (_bn0): BatchNorm3d(480, eps=0.001, momentum=0.01, affine=True, track_running_stats=True)
        (_depthwise_conv): Conv3d(480, 480, kernel_size=(5, 5, 5), stride=(1, 1, 1), groups=480, bias=False)
        (_depthwise_conv_padding): ConstantPad3d(padding=(2, 2, 2, 2, 2, 2), value=0.0)
        (_bn1): BatchNorm3d(480, eps=0.001, momentum=0.01, affine=True, track_running_stats=True)
        (_se_adaptpool): AdaptiveAvgPool3d(output_size=1)
        (_se_reduce): Conv3d(480, 20, kernel_size=(1, 1, 1), stride=(1, 1, 1))
        (_se_reduce_padding): Identity()
        (_se_expand): Conv3d(20, 480, kernel_size=(1, 1, 1), stride=(1, 1, 1))
        (_se_expand_padding): Identity()
        (_project_conv): Conv3d(480, 80, kernel_size=(1, 1, 1), stride=(1, 1, 1), bias=False)
        (_project_conv_padding): Identity()
        (_bn2): BatchNorm3d(80, eps=0.001, momentum=0.01, affine=True, track_running_stats=True)
        (_swish): MemoryEfficientSwish()
      )
      (15): MBConvBlock(
        (_expand_conv): Conv3d(80, 480, kernel_size=(1, 1, 1), stride=(1, 1, 1), bias=False)
        (_expand_conv_padding): Identity()
        (_bn0): BatchNorm3d(480, eps=0.001, momentum=0.01, affine=True, track_running_stats=True)
        (_depthwise_conv): Conv3d(480, 480, kernel_size=(5, 5, 5), stride=(1, 1, 1), groups=480, bias=False)
        (_depthwise_conv_padding): ConstantPad3d(padding=(2, 2, 2, 2, 2, 2), value=0.0)
        (_bn1): BatchNorm3d(480, eps=0.001, momentum=0.01, affine=True, track_running_stats=True)
        (_se_adaptpool): AdaptiveAvgPool3d(output_size=1)
        (_se_reduce): Conv3d(480, 20, kernel_size=(1, 1, 1), stride=(1, 1, 1))
        (_se_reduce_padding): Identity()
        (_se_expand): Conv3d(20, 480, kernel_size=(1, 1, 1), stride=(1, 1, 1))
        (_se_expand_padding): Identity()
        (_project_conv): Conv3d(480, 80, kernel_size=(1, 1, 1), stride=(1, 1, 1), bias=False)
        (_project_conv_padding): Identity()
        (_bn2): BatchNorm3d(80, eps=0.001, momentum=0.01, affine=True, track_running_stats=True)
        (_swish): MemoryEfficientSwish()
      )
      (16): MBConvBlock(
        (_expand_conv): Conv3d(80, 480, kernel_size=(1, 1, 1), stride=(1, 1, 1), bias=False)
        (_expand_conv_padding): Identity()
        (_bn0): BatchNorm3d(480, eps=0.001, momentum=0.01, affine=True, track_running_stats=True)
        (_depthwise_conv): Conv3d(480, 480, kernel_size=(5, 5, 5), stride=(1, 1, 1), groups=480, bias=False)
        (_depthwise_conv_padding): ConstantPad3d(padding=(2, 2, 2, 2, 2, 2), value=0.0)
        (_bn1): BatchNorm3d(480, eps=0.001, momentum=0.01, affine=True, track_running_stats=True)
        (_se_adaptpool): AdaptiveAvgPool3d(output_size=1)
        (_se_reduce): Conv3d(480, 20, kernel_size=(1, 1, 1), stride=(1, 1, 1))
        (_se_reduce_padding): Identity()
        (_se_expand): Conv3d(20, 480, kernel_size=(1, 1, 1), stride=(1, 1, 1))
        (_se_expand_padding): Identity()
        (_project_conv): Conv3d(480, 80, kernel_size=(1, 1, 1), stride=(1, 1, 1), bias=False)
        (_project_conv_padding): Identity()
        (_bn2): BatchNorm3d(80, eps=0.001, momentum=0.01, affine=True, track_running_stats=True)
        (_swish): MemoryEfficientSwish()
      )
      (17): MBConvBlock(
        (_expand_conv): Conv3d(80, 480, kernel_size=(1, 1, 1), stride=(1, 1, 1), bias=False)
        (_expand_conv_padding): Identity()
        (_bn0): BatchNorm3d(480, eps=0.001, momentum=0.01, affine=True, track_running_stats=True)
        (_depthwise_conv): Conv3d(480, 480, kernel_size=(5, 5, 5), stride=(1, 1, 1), groups=480, bias=False)
        (_depthwise_conv_padding): ConstantPad3d(padding=(2, 2, 2, 2, 2, 2), value=0.0)
        (_bn1): BatchNorm3d(480, eps=0.001, momentum=0.01, affine=True, track_running_stats=True)
        (_se_adaptpool): AdaptiveAvgPool3d(output_size=1)
        (_se_reduce): Conv3d(480, 20, kernel_size=(1, 1, 1), stride=(1, 1, 1))
        (_se_reduce_padding): Identity()
        (_se_expand): Conv3d(20, 480, kernel_size=(1, 1, 1), stride=(1, 1, 1))
        (_se_expand_padding): Identity()
        (_project_conv): Conv3d(480, 80, kernel_size=(1, 1, 1), stride=(1, 1, 1), bias=False)
        (_project_conv_padding): Identity()
        (_bn2): BatchNorm3d(80, eps=0.001, momentum=0.01, affine=True, track_running_stats=True)
        (_swish): MemoryEfficientSwish()
      )
    )
    (3): Sequential(
      (18): MBConvBlock(
        (_expand_conv): Conv3d(80, 480, kernel_size=(1, 1, 1), stride=(1, 1, 1), bias=False)
        (_expand_conv_padding): Identity()
        (_bn0): BatchNorm3d(480, eps=0.001, momentum=0.01, affine=True, track_running_stats=True)
        (_depthwise_conv): Conv3d(480, 480, kernel_size=(3, 3, 3), stride=(2, 2, 2), groups=480, bias=False)
        (_depthwise_conv_padding): ConstantPad3d(padding=(1, 1, 1, 1, 1, 1), value=0.0)
        (_bn1): BatchNorm3d(480, eps=0.001, momentum=0.01, affine=True, track_running_stats=True)
        (_se_adaptpool): AdaptiveAvgPool3d(output_size=1)
        (_se_reduce): Conv3d(480, 20, kernel_size=(1, 1, 1), stride=(1, 1, 1))
        (_se_reduce_padding): Identity()
        (_se_expand): Conv3d(20, 480, kernel_size=(1, 1, 1), stride=(1, 1, 1))
        (_se_expand_padding): Identity()
        (_project_conv): Conv3d(480, 160, kernel_size=(1, 1, 1), stride=(1, 1, 1), bias=False)
        (_project_conv_padding): Identity()
        (_bn2): BatchNorm3d(160, eps=0.001, momentum=0.01, affine=True, track_running_stats=True)
        (_swish): MemoryEfficientSwish()
      )
      (19): MBConvBlock(
        (_expand_conv): Conv3d(160, 960, kernel_size=(1, 1, 1), stride=(1, 1, 1), bias=False)
        (_expand_conv_padding): Identity()
        (_bn0): BatchNorm3d(960, eps=0.001, momentum=0.01, affine=True, track_running_stats=True)
        (_depthwise_conv): Conv3d(960, 960, kernel_size=(3, 3, 3), stride=(1, 1, 1), groups=960, bias=False)
        (_depthwise_conv_padding): ConstantPad3d(padding=(1, 1, 1, 1, 1, 1), value=0.0)
        (_bn1): BatchNorm3d(960, eps=0.001, momentum=0.01, affine=True, track_running_stats=True)
        (_se_adaptpool): AdaptiveAvgPool3d(output_size=1)
        (_se_reduce): Conv3d(960, 40, kernel_size=(1, 1, 1), stride=(1, 1, 1))
        (_se_reduce_padding): Identity()
        (_se_expand): Conv3d(40, 960, kernel_size=(1, 1, 1), stride=(1, 1, 1))
        (_se_expand_padding): Identity()
        (_project_conv): Conv3d(960, 160, kernel_size=(1, 1, 1), stride=(1, 1, 1), bias=False)
        (_project_conv_padding): Identity()
        (_bn2): BatchNorm3d(160, eps=0.001, momentum=0.01, affine=True, track_running_stats=True)
        (_swish): MemoryEfficientSwish()
      )
      (20): MBConvBlock(
        (_expand_conv): Conv3d(160, 960, kernel_size=(1, 1, 1), stride=(1, 1, 1), bias=False)
        (_expand_conv_padding): Identity()
        (_bn0): BatchNorm3d(960, eps=0.001, momentum=0.01, affine=True, track_running_stats=True)
        (_depthwise_conv): Conv3d(960, 960, kernel_size=(3, 3, 3), stride=(1, 1, 1), groups=960, bias=False)
        (_depthwise_conv_padding): ConstantPad3d(padding=(1, 1, 1, 1, 1, 1), value=0.0)
        (_bn1): BatchNorm3d(960, eps=0.001, momentum=0.01, affine=True, track_running_stats=True)
        (_se_adaptpool): AdaptiveAvgPool3d(output_size=1)
        (_se_reduce): Conv3d(960, 40, kernel_size=(1, 1, 1), stride=(1, 1, 1))
        (_se_reduce_padding): Identity()
        (_se_expand): Conv3d(40, 960, kernel_size=(1, 1, 1), stride=(1, 1, 1))
        (_se_expand_padding): Identity()
        (_project_conv): Conv3d(960, 160, kernel_size=(1, 1, 1), stride=(1, 1, 1), bias=False)
        (_project_conv_padding): Identity()
        (_bn2): BatchNorm3d(160, eps=0.001, momentum=0.01, affine=True, track_running_stats=True)
        (_swish): MemoryEfficientSwish()
      )
      (21): MBConvBlock(
        (_expand_conv): Conv3d(160, 960, kernel_size=(1, 1, 1), stride=(1, 1, 1), bias=False)
        (_expand_conv_padding): Identity()
        (_bn0): BatchNorm3d(960, eps=0.001, momentum=0.01, affine=True, track_running_stats=True)
        (_depthwise_conv): Conv3d(960, 960, kernel_size=(3, 3, 3), stride=(1, 1, 1), groups=960, bias=False)
        (_depthwise_conv_padding): ConstantPad3d(padding=(1, 1, 1, 1, 1, 1), value=0.0)
        (_bn1): BatchNorm3d(960, eps=0.001, momentum=0.01, affine=True, track_running_stats=True)
        (_se_adaptpool): AdaptiveAvgPool3d(output_size=1)
        (_se_reduce): Conv3d(960, 40, kernel_size=(1, 1, 1), stride=(1, 1, 1))
        (_se_reduce_padding): Identity()
        (_se_expand): Conv3d(40, 960, kernel_size=(1, 1, 1), stride=(1, 1, 1))
        (_se_expand_padding): Identity()
        (_project_conv): Conv3d(960, 160, kernel_size=(1, 1, 1), stride=(1, 1, 1), bias=False)
        (_project_conv_padding): Identity()
        (_bn2): BatchNorm3d(160, eps=0.001, momentum=0.01, affine=True, track_running_stats=True)
        (_swish): MemoryEfficientSwish()
      )
      (22): MBConvBlock(
        (_expand_conv): Conv3d(160, 960, kernel_size=(1, 1, 1), stride=(1, 1, 1), bias=False)
        (_expand_conv_padding): Identity()
        (_bn0): BatchNorm3d(960, eps=0.001, momentum=0.01, affine=True, track_running_stats=True)
        (_depthwise_conv): Conv3d(960, 960, kernel_size=(3, 3, 3), stride=(1, 1, 1), groups=960, bias=False)
        (_depthwise_conv_padding): ConstantPad3d(padding=(1, 1, 1, 1, 1, 1), value=0.0)
        (_bn1): BatchNorm3d(960, eps=0.001, momentum=0.01, affine=True, track_running_stats=True)
        (_se_adaptpool): AdaptiveAvgPool3d(output_size=1)
        (_se_reduce): Conv3d(960, 40, kernel_size=(1, 1, 1), stride=(1, 1, 1))
        (_se_reduce_padding): Identity()
        (_se_expand): Conv3d(40, 960, kernel_size=(1, 1, 1), stride=(1, 1, 1))
        (_se_expand_padding): Identity()
        (_project_conv): Conv3d(960, 160, kernel_size=(1, 1, 1), stride=(1, 1, 1), bias=False)
        (_project_conv_padding): Identity()
        (_bn2): BatchNorm3d(160, eps=0.001, momentum=0.01, affine=True, track_running_stats=True)
        (_swish): MemoryEfficientSwish()
      )
      (23): MBConvBlock(
        (_expand_conv): Conv3d(160, 960, kernel_size=(1, 1, 1), stride=(1, 1, 1), bias=False)
        (_expand_conv_padding): Identity()
        (_bn0): BatchNorm3d(960, eps=0.001, momentum=0.01, affine=True, track_running_stats=True)
        (_depthwise_conv): Conv3d(960, 960, kernel_size=(3, 3, 3), stride=(1, 1, 1), groups=960, bias=False)
        (_depthwise_conv_padding): ConstantPad3d(padding=(1, 1, 1, 1, 1, 1), value=0.0)
        (_bn1): BatchNorm3d(960, eps=0.001, momentum=0.01, affine=True, track_running_stats=True)
        (_se_adaptpool): AdaptiveAvgPool3d(output_size=1)
        (_se_reduce): Conv3d(960, 40, kernel_size=(1, 1, 1), stride=(1, 1, 1))
        (_se_reduce_padding): Identity()
        (_se_expand): Conv3d(40, 960, kernel_size=(1, 1, 1), stride=(1, 1, 1))
        (_se_expand_padding): Identity()
        (_project_conv): Conv3d(960, 160, kernel_size=(1, 1, 1), stride=(1, 1, 1), bias=False)
        (_project_conv_padding): Identity()
        (_bn2): BatchNorm3d(160, eps=0.001, momentum=0.01, affine=True, track_running_stats=True)
        (_swish): MemoryEfficientSwish()
      )
      (24): MBConvBlock(
        (_expand_conv): Conv3d(160, 960, kernel_size=(1, 1, 1), stride=(1, 1, 1), bias=False)
        (_expand_conv_padding): Identity()
        (_bn0): BatchNorm3d(960, eps=0.001, momentum=0.01, affine=True, track_running_stats=True)
        (_depthwise_conv): Conv3d(960, 960, kernel_size=(3, 3, 3), stride=(1, 1, 1), groups=960, bias=False)
        (_depthwise_conv_padding): ConstantPad3d(padding=(1, 1, 1, 1, 1, 1), value=0.0)
        (_bn1): BatchNorm3d(960, eps=0.001, momentum=0.01, affine=True, track_running_stats=True)
        (_se_adaptpool): AdaptiveAvgPool3d(output_size=1)
        (_se_reduce): Conv3d(960, 40, kernel_size=(1, 1, 1), stride=(1, 1, 1))
        (_se_reduce_padding): Identity()
        (_se_expand): Conv3d(40, 960, kernel_size=(1, 1, 1), stride=(1, 1, 1))
        (_se_expand_padding): Identity()
        (_project_conv): Conv3d(960, 160, kernel_size=(1, 1, 1), stride=(1, 1, 1), bias=False)
        (_project_conv_padding): Identity()
        (_bn2): BatchNorm3d(160, eps=0.001, momentum=0.01, affine=True, track_running_stats=True)
        (_swish): MemoryEfficientSwish()
      )
      (25): MBConvBlock(
        (_expand_conv): Conv3d(160, 960, kernel_size=(1, 1, 1), stride=(1, 1, 1), bias=False)
        (_expand_conv_padding): Identity()
        (_bn0): BatchNorm3d(960, eps=0.001, momentum=0.01, affine=True, track_running_stats=True)
        (_depthwise_conv): Conv3d(960, 960, kernel_size=(3, 3, 3), stride=(1, 1, 1), groups=960, bias=False)
        (_depthwise_conv_padding): ConstantPad3d(padding=(1, 1, 1, 1, 1, 1), value=0.0)
        (_bn1): BatchNorm3d(960, eps=0.001, momentum=0.01, affine=True, track_running_stats=True)
        (_se_adaptpool): AdaptiveAvgPool3d(output_size=1)
        (_se_reduce): Conv3d(960, 40, kernel_size=(1, 1, 1), stride=(1, 1, 1))
        (_se_reduce_padding): Identity()
        (_se_expand): Conv3d(40, 960, kernel_size=(1, 1, 1), stride=(1, 1, 1))
        (_se_expand_padding): Identity()
        (_project_conv): Conv3d(960, 160, kernel_size=(1, 1, 1), stride=(1, 1, 1), bias=False)
        (_project_conv_padding): Identity()
        (_bn2): BatchNorm3d(160, eps=0.001, momentum=0.01, affine=True, track_running_stats=True)
        (_swish): MemoryEfficientSwish()
      )
      (26): MBConvBlock(
        (_expand_conv): Conv3d(160, 960, kernel_size=(1, 1, 1), stride=(1, 1, 1), bias=False)
        (_expand_conv_padding): Identity()
        (_bn0): BatchNorm3d(960, eps=0.001, momentum=0.01, affine=True, track_running_stats=True)
        (_depthwise_conv): Conv3d(960, 960, kernel_size=(3, 3, 3), stride=(1, 1, 1), groups=960, bias=False)
        (_depthwise_conv_padding): ConstantPad3d(padding=(1, 1, 1, 1, 1, 1), value=0.0)
        (_bn1): BatchNorm3d(960, eps=0.001, momentum=0.01, affine=True, track_running_stats=True)
        (_se_adaptpool): AdaptiveAvgPool3d(output_size=1)
        (_se_reduce): Conv3d(960, 40, kernel_size=(1, 1, 1), stride=(1, 1, 1))
        (_se_reduce_padding): Identity()
        (_se_expand): Conv3d(40, 960, kernel_size=(1, 1, 1), stride=(1, 1, 1))
        (_se_expand_padding): Identity()
        (_project_conv): Conv3d(960, 160, kernel_size=(1, 1, 1), stride=(1, 1, 1), bias=False)
        (_project_conv_padding): Identity()
        (_bn2): BatchNorm3d(160, eps=0.001, momentum=0.01, affine=True, track_running_stats=True)
        (_swish): MemoryEfficientSwish()
      )
      (27): MBConvBlock(
        (_expand_conv): Conv3d(160, 960, kernel_size=(1, 1, 1), stride=(1, 1, 1), bias=False)
        (_expand_conv_padding): Identity()
        (_bn0): BatchNorm3d(960, eps=0.001, momentum=0.01, affine=True, track_running_stats=True)
        (_depthwise_conv): Conv3d(960, 960, kernel_size=(3, 3, 3), stride=(1, 1, 1), groups=960, bias=False)
        (_depthwise_conv_padding): ConstantPad3d(padding=(1, 1, 1, 1, 1, 1), value=0.0)
        (_bn1): BatchNorm3d(960, eps=0.001, momentum=0.01, affine=True, track_running_stats=True)
        (_se_adaptpool): AdaptiveAvgPool3d(output_size=1)
        (_se_reduce): Conv3d(960, 40, kernel_size=(1, 1, 1), stride=(1, 1, 1))
        (_se_reduce_padding): Identity()
        (_se_expand): Conv3d(40, 960, kernel_size=(1, 1, 1), stride=(1, 1, 1))
        (_se_expand_padding): Identity()
        (_project_conv): Conv3d(960, 160, kernel_size=(1, 1, 1), stride=(1, 1, 1), bias=False)
        (_project_conv_padding): Identity()
        (_bn2): BatchNorm3d(160, eps=0.001, momentum=0.01, affine=True, track_running_stats=True)
        (_swish): MemoryEfficientSwish()
      )
    )
    (4): Sequential(
      (28): MBConvBlock(
        (_expand_conv): Conv3d(160, 960, kernel_size=(1, 1, 1), stride=(1, 1, 1), bias=False)
        (_expand_conv_padding): Identity()
        (_bn0): BatchNorm3d(960, eps=0.001, momentum=0.01, affine=True, track_running_stats=True)
        (_depthwise_conv): Conv3d(960, 960, kernel_size=(5, 5, 5), stride=(1, 1, 1), groups=960, bias=False)
        (_depthwise_conv_padding): ConstantPad3d(padding=(2, 2, 2, 2, 2, 2), value=0.0)
        (_bn1): BatchNorm3d(960, eps=0.001, momentum=0.01, affine=True, track_running_stats=True)
        (_se_adaptpool): AdaptiveAvgPool3d(output_size=1)
        (_se_reduce): Conv3d(960, 40, kernel_size=(1, 1, 1), stride=(1, 1, 1))
        (_se_reduce_padding): Identity()
        (_se_expand): Conv3d(40, 960, kernel_size=(1, 1, 1), stride=(1, 1, 1))
        (_se_expand_padding): Identity()
        (_project_conv): Conv3d(960, 224, kernel_size=(1, 1, 1), stride=(1, 1, 1), bias=False)
        (_project_conv_padding): Identity()
        (_bn2): BatchNorm3d(224, eps=0.001, momentum=0.01, affine=True, track_running_stats=True)
        (_swish): MemoryEfficientSwish()
      )
      (29): MBConvBlock(
        (_expand_conv): Conv3d(224, 1344, kernel_size=(1, 1, 1), stride=(1, 1, 1), bias=False)
        (_expand_conv_padding): Identity()
        (_bn0): BatchNorm3d(1344, eps=0.001, momentum=0.01, affine=True, track_running_stats=True)
        (_depthwise_conv): Conv3d(1344, 1344, kernel_size=(5, 5, 5), stride=(1, 1, 1), groups=1344, bias=False)
        (_depthwise_conv_padding): ConstantPad3d(padding=(2, 2, 2, 2, 2, 2), value=0.0)
        (_bn1): BatchNorm3d(1344, eps=0.001, momentum=0.01, affine=True, track_running_stats=True)
        (_se_adaptpool): AdaptiveAvgPool3d(output_size=1)
        (_se_reduce): Conv3d(1344, 56, kernel_size=(1, 1, 1), stride=(1, 1, 1))
        (_se_reduce_padding): Identity()
        (_se_expand): Conv3d(56, 1344, kernel_size=(1, 1, 1), stride=(1, 1, 1))
        (_se_expand_padding): Identity()
        (_project_conv): Conv3d(1344, 224, kernel_size=(1, 1, 1), stride=(1, 1, 1), bias=False)
        (_project_conv_padding): Identity()
        (_bn2): BatchNorm3d(224, eps=0.001, momentum=0.01, affine=True, track_running_stats=True)
        (_swish): MemoryEfficientSwish()
      )
      (30): MBConvBlock(
        (_expand_conv): Conv3d(224, 1344, kernel_size=(1, 1, 1), stride=(1, 1, 1), bias=False)
        (_expand_conv_padding): Identity()
        (_bn0): BatchNorm3d(1344, eps=0.001, momentum=0.01, affine=True, track_running_stats=True)
        (_depthwise_conv): Conv3d(1344, 1344, kernel_size=(5, 5, 5), stride=(1, 1, 1), groups=1344, bias=False)
        (_depthwise_conv_padding): ConstantPad3d(padding=(2, 2, 2, 2, 2, 2), value=0.0)
        (_bn1): BatchNorm3d(1344, eps=0.001, momentum=0.01, affine=True, track_running_stats=True)
        (_se_adaptpool): AdaptiveAvgPool3d(output_size=1)
        (_se_reduce): Conv3d(1344, 56, kernel_size=(1, 1, 1), stride=(1, 1, 1))
        (_se_reduce_padding): Identity()
        (_se_expand): Conv3d(56, 1344, kernel_size=(1, 1, 1), stride=(1, 1, 1))
        (_se_expand_padding): Identity()
        (_project_conv): Conv3d(1344, 224, kernel_size=(1, 1, 1), stride=(1, 1, 1), bias=False)
        (_project_conv_padding): Identity()
        (_bn2): BatchNorm3d(224, eps=0.001, momentum=0.01, affine=True, track_running_stats=True)
        (_swish): MemoryEfficientSwish()
      )
      (31): MBConvBlock(
        (_expand_conv): Conv3d(224, 1344, kernel_size=(1, 1, 1), stride=(1, 1, 1), bias=False)
        (_expand_conv_padding): Identity()
        (_bn0): BatchNorm3d(1344, eps=0.001, momentum=0.01, affine=True, track_running_stats=True)
        (_depthwise_conv): Conv3d(1344, 1344, kernel_size=(5, 5, 5), stride=(1, 1, 1), groups=1344, bias=False)
        (_depthwise_conv_padding): ConstantPad3d(padding=(2, 2, 2, 2, 2, 2), value=0.0)
        (_bn1): BatchNorm3d(1344, eps=0.001, momentum=0.01, affine=True, track_running_stats=True)
        (_se_adaptpool): AdaptiveAvgPool3d(output_size=1)
        (_se_reduce): Conv3d(1344, 56, kernel_size=(1, 1, 1), stride=(1, 1, 1))
        (_se_reduce_padding): Identity()
        (_se_expand): Conv3d(56, 1344, kernel_size=(1, 1, 1), stride=(1, 1, 1))
        (_se_expand_padding): Identity()
        (_project_conv): Conv3d(1344, 224, kernel_size=(1, 1, 1), stride=(1, 1, 1), bias=False)
        (_project_conv_padding): Identity()
        (_bn2): BatchNorm3d(224, eps=0.001, momentum=0.01, affine=True, track_running_stats=True)
        (_swish): MemoryEfficientSwish()
      )
      (32): MBConvBlock(
        (_expand_conv): Conv3d(224, 1344, kernel_size=(1, 1, 1), stride=(1, 1, 1), bias=False)
        (_expand_conv_padding): Identity()
        (_bn0): BatchNorm3d(1344, eps=0.001, momentum=0.01, affine=True, track_running_stats=True)
        (_depthwise_conv): Conv3d(1344, 1344, kernel_size=(5, 5, 5), stride=(1, 1, 1), groups=1344, bias=False)
        (_depthwise_conv_padding): ConstantPad3d(padding=(2, 2, 2, 2, 2, 2), value=0.0)
        (_bn1): BatchNorm3d(1344, eps=0.001, momentum=0.01, affine=True, track_running_stats=True)
        (_se_adaptpool): AdaptiveAvgPool3d(output_size=1)
        (_se_reduce): Conv3d(1344, 56, kernel_size=(1, 1, 1), stride=(1, 1, 1))
        (_se_reduce_padding): Identity()
        (_se_expand): Conv3d(56, 1344, kernel_size=(1, 1, 1), stride=(1, 1, 1))
        (_se_expand_padding): Identity()
        (_project_conv): Conv3d(1344, 224, kernel_size=(1, 1, 1), stride=(1, 1, 1), bias=False)
        (_project_conv_padding): Identity()
        (_bn2): BatchNorm3d(224, eps=0.001, momentum=0.01, affine=True, track_running_stats=True)
        (_swish): MemoryEfficientSwish()
      )
      (33): MBConvBlock(
        (_expand_conv): Conv3d(224, 1344, kernel_size=(1, 1, 1), stride=(1, 1, 1), bias=False)
        (_expand_conv_padding): Identity()
        (_bn0): BatchNorm3d(1344, eps=0.001, momentum=0.01, affine=True, track_running_stats=True)
        (_depthwise_conv): Conv3d(1344, 1344, kernel_size=(5, 5, 5), stride=(1, 1, 1), groups=1344, bias=False)
        (_depthwise_conv_padding): ConstantPad3d(padding=(2, 2, 2, 2, 2, 2), value=0.0)
        (_bn1): BatchNorm3d(1344, eps=0.001, momentum=0.01, affine=True, track_running_stats=True)
        (_se_adaptpool): AdaptiveAvgPool3d(output_size=1)
        (_se_reduce): Conv3d(1344, 56, kernel_size=(1, 1, 1), stride=(1, 1, 1))
        (_se_reduce_padding): Identity()
        (_se_expand): Conv3d(56, 1344, kernel_size=(1, 1, 1), stride=(1, 1, 1))
        (_se_expand_padding): Identity()
        (_project_conv): Conv3d(1344, 224, kernel_size=(1, 1, 1), stride=(1, 1, 1), bias=False)
        (_project_conv_padding): Identity()
        (_bn2): BatchNorm3d(224, eps=0.001, momentum=0.01, affine=True, track_running_stats=True)
        (_swish): MemoryEfficientSwish()
      )
      (34): MBConvBlock(
        (_expand_conv): Conv3d(224, 1344, kernel_size=(1, 1, 1), stride=(1, 1, 1), bias=False)
        (_expand_conv_padding): Identity()
        (_bn0): BatchNorm3d(1344, eps=0.001, momentum=0.01, affine=True, track_running_stats=True)
        (_depthwise_conv): Conv3d(1344, 1344, kernel_size=(5, 5, 5), stride=(1, 1, 1), groups=1344, bias=False)
        (_depthwise_conv_padding): ConstantPad3d(padding=(2, 2, 2, 2, 2, 2), value=0.0)
        (_bn1): BatchNorm3d(1344, eps=0.001, momentum=0.01, affine=True, track_running_stats=True)
        (_se_adaptpool): AdaptiveAvgPool3d(output_size=1)
        (_se_reduce): Conv3d(1344, 56, kernel_size=(1, 1, 1), stride=(1, 1, 1))
        (_se_reduce_padding): Identity()
        (_se_expand): Conv3d(56, 1344, kernel_size=(1, 1, 1), stride=(1, 1, 1))
        (_se_expand_padding): Identity()
        (_project_conv): Conv3d(1344, 224, kernel_size=(1, 1, 1), stride=(1, 1, 1), bias=False)
        (_project_conv_padding): Identity()
        (_bn2): BatchNorm3d(224, eps=0.001, momentum=0.01, affine=True, track_running_stats=True)
        (_swish): MemoryEfficientSwish()
      )
      (35): MBConvBlock(
        (_expand_conv): Conv3d(224, 1344, kernel_size=(1, 1, 1), stride=(1, 1, 1), bias=False)
        (_expand_conv_padding): Identity()
        (_bn0): BatchNorm3d(1344, eps=0.001, momentum=0.01, affine=True, track_running_stats=True)
        (_depthwise_conv): Conv3d(1344, 1344, kernel_size=(5, 5, 5), stride=(1, 1, 1), groups=1344, bias=False)
        (_depthwise_conv_padding): ConstantPad3d(padding=(2, 2, 2, 2, 2, 2), value=0.0)
        (_bn1): BatchNorm3d(1344, eps=0.001, momentum=0.01, affine=True, track_running_stats=True)
        (_se_adaptpool): AdaptiveAvgPool3d(output_size=1)
        (_se_reduce): Conv3d(1344, 56, kernel_size=(1, 1, 1), stride=(1, 1, 1))
        (_se_reduce_padding): Identity()
        (_se_expand): Conv3d(56, 1344, kernel_size=(1, 1, 1), stride=(1, 1, 1))
        (_se_expand_padding): Identity()
        (_project_conv): Conv3d(1344, 224, kernel_size=(1, 1, 1), stride=(1, 1, 1), bias=False)
        (_project_conv_padding): Identity()
        (_bn2): BatchNorm3d(224, eps=0.001, momentum=0.01, affine=True, track_running_stats=True)
        (_swish): MemoryEfficientSwish()
      )
      (36): MBConvBlock(
        (_expand_conv): Conv3d(224, 1344, kernel_size=(1, 1, 1), stride=(1, 1, 1), bias=False)
        (_expand_conv_padding): Identity()
        (_bn0): BatchNorm3d(1344, eps=0.001, momentum=0.01, affine=True, track_running_stats=True)
        (_depthwise_conv): Conv3d(1344, 1344, kernel_size=(5, 5, 5), stride=(1, 1, 1), groups=1344, bias=False)
        (_depthwise_conv_padding): ConstantPad3d(padding=(2, 2, 2, 2, 2, 2), value=0.0)
        (_bn1): BatchNorm3d(1344, eps=0.001, momentum=0.01, affine=True, track_running_stats=True)
        (_se_adaptpool): AdaptiveAvgPool3d(output_size=1)
        (_se_reduce): Conv3d(1344, 56, kernel_size=(1, 1, 1), stride=(1, 1, 1))
        (_se_reduce_padding): Identity()
        (_se_expand): Conv3d(56, 1344, kernel_size=(1, 1, 1), stride=(1, 1, 1))
        (_se_expand_padding): Identity()
        (_project_conv): Conv3d(1344, 224, kernel_size=(1, 1, 1), stride=(1, 1, 1), bias=False)
        (_project_conv_padding): Identity()
        (_bn2): BatchNorm3d(224, eps=0.001, momentum=0.01, affine=True, track_running_stats=True)
        (_swish): MemoryEfficientSwish()
      )
      (37): MBConvBlock(
        (_expand_conv): Conv3d(224, 1344, kernel_size=(1, 1, 1), stride=(1, 1, 1), bias=False)
        (_expand_conv_padding): Identity()
        (_bn0): BatchNorm3d(1344, eps=0.001, momentum=0.01, affine=True, track_running_stats=True)
        (_depthwise_conv): Conv3d(1344, 1344, kernel_size=(5, 5, 5), stride=(1, 1, 1), groups=1344, bias=False)
        (_depthwise_conv_padding): ConstantPad3d(padding=(2, 2, 2, 2, 2, 2), value=0.0)
        (_bn1): BatchNorm3d(1344, eps=0.001, momentum=0.01, affine=True, track_running_stats=True)
        (_se_adaptpool): AdaptiveAvgPool3d(output_size=1)
        (_se_reduce): Conv3d(1344, 56, kernel_size=(1, 1, 1), stride=(1, 1, 1))
        (_se_reduce_padding): Identity()
        (_se_expand): Conv3d(56, 1344, kernel_size=(1, 1, 1), stride=(1, 1, 1))
        (_se_expand_padding): Identity()
        (_project_conv): Conv3d(1344, 224, kernel_size=(1, 1, 1), stride=(1, 1, 1), bias=False)
        (_project_conv_padding): Identity()
        (_bn2): BatchNorm3d(224, eps=0.001, momentum=0.01, affine=True, track_running_stats=True)
        (_swish): MemoryEfficientSwish()
      )
    )
    (5): Sequential(
      (38): MBConvBlock(
        (_expand_conv): Conv3d(224, 1344, kernel_size=(1, 1, 1), stride=(1, 1, 1), bias=False)
        (_expand_conv_padding): Identity()
        (_bn0): BatchNorm3d(1344, eps=0.001, momentum=0.01, affine=True, track_running_stats=True)
        (_depthwise_conv): Conv3d(1344, 1344, kernel_size=(5, 5, 5), stride=(2, 2, 2), groups=1344, bias=False)
        (_depthwise_conv_padding): ConstantPad3d(padding=(1, 2, 1, 2, 1, 2), value=0.0)
        (_bn1): BatchNorm3d(1344, eps=0.001, momentum=0.01, affine=True, track_running_stats=True)
        (_se_adaptpool): AdaptiveAvgPool3d(output_size=1)
        (_se_reduce): Conv3d(1344, 56, kernel_size=(1, 1, 1), stride=(1, 1, 1))
        (_se_reduce_padding): Identity()
        (_se_expand): Conv3d(56, 1344, kernel_size=(1, 1, 1), stride=(1, 1, 1))
        (_se_expand_padding): Identity()
        (_project_conv): Conv3d(1344, 384, kernel_size=(1, 1, 1), stride=(1, 1, 1), bias=False)
        (_project_conv_padding): Identity()
        (_bn2): BatchNorm3d(384, eps=0.001, momentum=0.01, affine=True, track_running_stats=True)
        (_swish): MemoryEfficientSwish()
      )
      (39): MBConvBlock(
        (_expand_conv): Conv3d(384, 2304, kernel_size=(1, 1, 1), stride=(1, 1, 1), bias=False)
        (_expand_conv_padding): Identity()
        (_bn0): BatchNorm3d(2304, eps=0.001, momentum=0.01, affine=True, track_running_stats=True)
        (_depthwise_conv): Conv3d(2304, 2304, kernel_size=(5, 5, 5), stride=(1, 1, 1), groups=2304, bias=False)
        (_depthwise_conv_padding): ConstantPad3d(padding=(2, 2, 2, 2, 2, 2), value=0.0)
        (_bn1): BatchNorm3d(2304, eps=0.001, momentum=0.01, affine=True, track_running_stats=True)
        (_se_adaptpool): AdaptiveAvgPool3d(output_size=1)
        (_se_reduce): Conv3d(2304, 96, kernel_size=(1, 1, 1), stride=(1, 1, 1))
        (_se_reduce_padding): Identity()
        (_se_expand): Conv3d(96, 2304, kernel_size=(1, 1, 1), stride=(1, 1, 1))
        (_se_expand_padding): Identity()
        (_project_conv): Conv3d(2304, 384, kernel_size=(1, 1, 1), stride=(1, 1, 1), bias=False)
        (_project_conv_padding): Identity()
        (_bn2): BatchNorm3d(384, eps=0.001, momentum=0.01, affine=True, track_running_stats=True)
        (_swish): MemoryEfficientSwish()
      )
      (40): MBConvBlock(
        (_expand_conv): Conv3d(384, 2304, kernel_size=(1, 1, 1), stride=(1, 1, 1), bias=False)
        (_expand_conv_padding): Identity()
        (_bn0): BatchNorm3d(2304, eps=0.001, momentum=0.01, affine=True, track_running_stats=True)
        (_depthwise_conv): Conv3d(2304, 2304, kernel_size=(5, 5, 5), stride=(1, 1, 1), groups=2304, bias=False)
        (_depthwise_conv_padding): ConstantPad3d(padding=(2, 2, 2, 2, 2, 2), value=0.0)
        (_bn1): BatchNorm3d(2304, eps=0.001, momentum=0.01, affine=True, track_running_stats=True)
        (_se_adaptpool): AdaptiveAvgPool3d(output_size=1)
        (_se_reduce): Conv3d(2304, 96, kernel_size=(1, 1, 1), stride=(1, 1, 1))
        (_se_reduce_padding): Identity()
        (_se_expand): Conv3d(96, 2304, kernel_size=(1, 1, 1), stride=(1, 1, 1))
        (_se_expand_padding): Identity()
        (_project_conv): Conv3d(2304, 384, kernel_size=(1, 1, 1), stride=(1, 1, 1), bias=False)
        (_project_conv_padding): Identity()
        (_bn2): BatchNorm3d(384, eps=0.001, momentum=0.01, affine=True, track_running_stats=True)
        (_swish): MemoryEfficientSwish()
      )
      (41): MBConvBlock(
        (_expand_conv): Conv3d(384, 2304, kernel_size=(1, 1, 1), stride=(1, 1, 1), bias=False)
        (_expand_conv_padding): Identity()
        (_bn0): BatchNorm3d(2304, eps=0.001, momentum=0.01, affine=True, track_running_stats=True)
        (_depthwise_conv): Conv3d(2304, 2304, kernel_size=(5, 5, 5), stride=(1, 1, 1), groups=2304, bias=False)
        (_depthwise_conv_padding): ConstantPad3d(padding=(2, 2, 2, 2, 2, 2), value=0.0)
        (_bn1): BatchNorm3d(2304, eps=0.001, momentum=0.01, affine=True, track_running_stats=True)
        (_se_adaptpool): AdaptiveAvgPool3d(output_size=1)
        (_se_reduce): Conv3d(2304, 96, kernel_size=(1, 1, 1), stride=(1, 1, 1))
        (_se_reduce_padding): Identity()
        (_se_expand): Conv3d(96, 2304, kernel_size=(1, 1, 1), stride=(1, 1, 1))
        (_se_expand_padding): Identity()
        (_project_conv): Conv3d(2304, 384, kernel_size=(1, 1, 1), stride=(1, 1, 1), bias=False)
        (_project_conv_padding): Identity()
        (_bn2): BatchNorm3d(384, eps=0.001, momentum=0.01, affine=True, track_running_stats=True)
        (_swish): MemoryEfficientSwish()
      )
      (42): MBConvBlock(
        (_expand_conv): Conv3d(384, 2304, kernel_size=(1, 1, 1), stride=(1, 1, 1), bias=False)
        (_expand_conv_padding): Identity()
        (_bn0): BatchNorm3d(2304, eps=0.001, momentum=0.01, affine=True, track_running_stats=True)
        (_depthwise_conv): Conv3d(2304, 2304, kernel_size=(5, 5, 5), stride=(1, 1, 1), groups=2304, bias=False)
        (_depthwise_conv_padding): ConstantPad3d(padding=(2, 2, 2, 2, 2, 2), value=0.0)
        (_bn1): BatchNorm3d(2304, eps=0.001, momentum=0.01, affine=True, track_running_stats=True)
        (_se_adaptpool): AdaptiveAvgPool3d(output_size=1)
        (_se_reduce): Conv3d(2304, 96, kernel_size=(1, 1, 1), stride=(1, 1, 1))
        (_se_reduce_padding): Identity()
        (_se_expand): Conv3d(96, 2304, kernel_size=(1, 1, 1), stride=(1, 1, 1))
        (_se_expand_padding): Identity()
        (_project_conv): Conv3d(2304, 384, kernel_size=(1, 1, 1), stride=(1, 1, 1), bias=False)
        (_project_conv_padding): Identity()
        (_bn2): BatchNorm3d(384, eps=0.001, momentum=0.01, affine=True, track_running_stats=True)
        (_swish): MemoryEfficientSwish()
      )
      (43): MBConvBlock(
        (_expand_conv): Conv3d(384, 2304, kernel_size=(1, 1, 1), stride=(1, 1, 1), bias=False)
        (_expand_conv_padding): Identity()
        (_bn0): BatchNorm3d(2304, eps=0.001, momentum=0.01, affine=True, track_running_stats=True)
        (_depthwise_conv): Conv3d(2304, 2304, kernel_size=(5, 5, 5), stride=(1, 1, 1), groups=2304, bias=False)
        (_depthwise_conv_padding): ConstantPad3d(padding=(2, 2, 2, 2, 2, 2), value=0.0)
        (_bn1): BatchNorm3d(2304, eps=0.001, momentum=0.01, affine=True, track_running_stats=True)
        (_se_adaptpool): AdaptiveAvgPool3d(output_size=1)
        (_se_reduce): Conv3d(2304, 96, kernel_size=(1, 1, 1), stride=(1, 1, 1))
        (_se_reduce_padding): Identity()
        (_se_expand): Conv3d(96, 2304, kernel_size=(1, 1, 1), stride=(1, 1, 1))
        (_se_expand_padding): Identity()
        (_project_conv): Conv3d(2304, 384, kernel_size=(1, 1, 1), stride=(1, 1, 1), bias=False)
        (_project_conv_padding): Identity()
        (_bn2): BatchNorm3d(384, eps=0.001, momentum=0.01, affine=True, track_running_stats=True)
        (_swish): MemoryEfficientSwish()
      )
      (44): MBConvBlock(
        (_expand_conv): Conv3d(384, 2304, kernel_size=(1, 1, 1), stride=(1, 1, 1), bias=False)
        (_expand_conv_padding): Identity()
        (_bn0): BatchNorm3d(2304, eps=0.001, momentum=0.01, affine=True, track_running_stats=True)
        (_depthwise_conv): Conv3d(2304, 2304, kernel_size=(5, 5, 5), stride=(1, 1, 1), groups=2304, bias=False)
        (_depthwise_conv_padding): ConstantPad3d(padding=(2, 2, 2, 2, 2, 2), value=0.0)
        (_bn1): BatchNorm3d(2304, eps=0.001, momentum=0.01, affine=True, track_running_stats=True)
        (_se_adaptpool): AdaptiveAvgPool3d(output_size=1)
        (_se_reduce): Conv3d(2304, 96, kernel_size=(1, 1, 1), stride=(1, 1, 1))
        (_se_reduce_padding): Identity()
        (_se_expand): Conv3d(96, 2304, kernel_size=(1, 1, 1), stride=(1, 1, 1))
        (_se_expand_padding): Identity()
        (_project_conv): Conv3d(2304, 384, kernel_size=(1, 1, 1), stride=(1, 1, 1), bias=False)
        (_project_conv_padding): Identity()
        (_bn2): BatchNorm3d(384, eps=0.001, momentum=0.01, affine=True, track_running_stats=True)
        (_swish): MemoryEfficientSwish()
      )
      (45): MBConvBlock(
        (_expand_conv): Conv3d(384, 2304, kernel_size=(1, 1, 1), stride=(1, 1, 1), bias=False)
        (_expand_conv_padding): Identity()
        (_bn0): BatchNorm3d(2304, eps=0.001, momentum=0.01, affine=True, track_running_stats=True)
        (_depthwise_conv): Conv3d(2304, 2304, kernel_size=(5, 5, 5), stride=(1, 1, 1), groups=2304, bias=False)
        (_depthwise_conv_padding): ConstantPad3d(padding=(2, 2, 2, 2, 2, 2), value=0.0)
        (_bn1): BatchNorm3d(2304, eps=0.001, momentum=0.01, affine=True, track_running_stats=True)
        (_se_adaptpool): AdaptiveAvgPool3d(output_size=1)
        (_se_reduce): Conv3d(2304, 96, kernel_size=(1, 1, 1), stride=(1, 1, 1))
        (_se_reduce_padding): Identity()
        (_se_expand): Conv3d(96, 2304, kernel_size=(1, 1, 1), stride=(1, 1, 1))
        (_se_expand_padding): Identity()
        (_project_conv): Conv3d(2304, 384, kernel_size=(1, 1, 1), stride=(1, 1, 1), bias=False)
        (_project_conv_padding): Identity()
        (_bn2): BatchNorm3d(384, eps=0.001, momentum=0.01, affine=True, track_running_stats=True)
        (_swish): MemoryEfficientSwish()
      )
      (46): MBConvBlock(
        (_expand_conv): Conv3d(384, 2304, kernel_size=(1, 1, 1), stride=(1, 1, 1), bias=False)
        (_expand_conv_padding): Identity()
        (_bn0): BatchNorm3d(2304, eps=0.001, momentum=0.01, affine=True, track_running_stats=True)
        (_depthwise_conv): Conv3d(2304, 2304, kernel_size=(5, 5, 5), stride=(1, 1, 1), groups=2304, bias=False)
        (_depthwise_conv_padding): ConstantPad3d(padding=(2, 2, 2, 2, 2, 2), value=0.0)
        (_bn1): BatchNorm3d(2304, eps=0.001, momentum=0.01, affine=True, track_running_stats=True)
        (_se_adaptpool): AdaptiveAvgPool3d(output_size=1)
        (_se_reduce): Conv3d(2304, 96, kernel_size=(1, 1, 1), stride=(1, 1, 1))
        (_se_reduce_padding): Identity()
        (_se_expand): Conv3d(96, 2304, kernel_size=(1, 1, 1), stride=(1, 1, 1))
        (_se_expand_padding): Identity()
        (_project_conv): Conv3d(2304, 384, kernel_size=(1, 1, 1), stride=(1, 1, 1), bias=False)
        (_project_conv_padding): Identity()
        (_bn2): BatchNorm3d(384, eps=0.001, momentum=0.01, affine=True, track_running_stats=True)
        (_swish): MemoryEfficientSwish()
      )
      (47): MBConvBlock(
        (_expand_conv): Conv3d(384, 2304, kernel_size=(1, 1, 1), stride=(1, 1, 1), bias=False)
        (_expand_conv_padding): Identity()
        (_bn0): BatchNorm3d(2304, eps=0.001, momentum=0.01, affine=True, track_running_stats=True)
        (_depthwise_conv): Conv3d(2304, 2304, kernel_size=(5, 5, 5), stride=(1, 1, 1), groups=2304, bias=False)
        (_depthwise_conv_padding): ConstantPad3d(padding=(2, 2, 2, 2, 2, 2), value=0.0)
        (_bn1): BatchNorm3d(2304, eps=0.001, momentum=0.01, affine=True, track_running_stats=True)
        (_se_adaptpool): AdaptiveAvgPool3d(output_size=1)
        (_se_reduce): Conv3d(2304, 96, kernel_size=(1, 1, 1), stride=(1, 1, 1))
        (_se_reduce_padding): Identity()
        (_se_expand): Conv3d(96, 2304, kernel_size=(1, 1, 1), stride=(1, 1, 1))
        (_se_expand_padding): Identity()
        (_project_conv): Conv3d(2304, 384, kernel_size=(1, 1, 1), stride=(1, 1, 1), bias=False)
        (_project_conv_padding): Identity()
        (_bn2): BatchNorm3d(384, eps=0.001, momentum=0.01, affine=True, track_running_stats=True)
        (_swish): MemoryEfficientSwish()
      )
      (48): MBConvBlock(
        (_expand_conv): Conv3d(384, 2304, kernel_size=(1, 1, 1), stride=(1, 1, 1), bias=False)
        (_expand_conv_padding): Identity()
        (_bn0): BatchNorm3d(2304, eps=0.001, momentum=0.01, affine=True, track_running_stats=True)
        (_depthwise_conv): Conv3d(2304, 2304, kernel_size=(5, 5, 5), stride=(1, 1, 1), groups=2304, bias=False)
        (_depthwise_conv_padding): ConstantPad3d(padding=(2, 2, 2, 2, 2, 2), value=0.0)
        (_bn1): BatchNorm3d(2304, eps=0.001, momentum=0.01, affine=True, track_running_stats=True)
        (_se_adaptpool): AdaptiveAvgPool3d(output_size=1)
        (_se_reduce): Conv3d(2304, 96, kernel_size=(1, 1, 1), stride=(1, 1, 1))
        (_se_reduce_padding): Identity()
        (_se_expand): Conv3d(96, 2304, kernel_size=(1, 1, 1), stride=(1, 1, 1))
        (_se_expand_padding): Identity()
        (_project_conv): Conv3d(2304, 384, kernel_size=(1, 1, 1), stride=(1, 1, 1), bias=False)
        (_project_conv_padding): Identity()
        (_bn2): BatchNorm3d(384, eps=0.001, momentum=0.01, affine=True, track_running_stats=True)
        (_swish): MemoryEfficientSwish()
      )
      (49): MBConvBlock(
        (_expand_conv): Conv3d(384, 2304, kernel_size=(1, 1, 1), stride=(1, 1, 1), bias=False)
        (_expand_conv_padding): Identity()
        (_bn0): BatchNorm3d(2304, eps=0.001, momentum=0.01, affine=True, track_running_stats=True)
        (_depthwise_conv): Conv3d(2304, 2304, kernel_size=(5, 5, 5), stride=(1, 1, 1), groups=2304, bias=False)
        (_depthwise_conv_padding): ConstantPad3d(padding=(2, 2, 2, 2, 2, 2), value=0.0)
        (_bn1): BatchNorm3d(2304, eps=0.001, momentum=0.01, affine=True, track_running_stats=True)
        (_se_adaptpool): AdaptiveAvgPool3d(output_size=1)
        (_se_reduce): Conv3d(2304, 96, kernel_size=(1, 1, 1), stride=(1, 1, 1))
        (_se_reduce_padding): Identity()
        (_se_expand): Conv3d(96, 2304, kernel_size=(1, 1, 1), stride=(1, 1, 1))
        (_se_expand_padding): Identity()
        (_project_conv): Conv3d(2304, 384, kernel_size=(1, 1, 1), stride=(1, 1, 1), bias=False)
        (_project_conv_padding): Identity()
        (_bn2): BatchNorm3d(384, eps=0.001, momentum=0.01, affine=True, track_running_stats=True)
        (_swish): MemoryEfficientSwish()
      )
      (50): MBConvBlock(
        (_expand_conv): Conv3d(384, 2304, kernel_size=(1, 1, 1), stride=(1, 1, 1), bias=False)
        (_expand_conv_padding): Identity()
        (_bn0): BatchNorm3d(2304, eps=0.001, momentum=0.01, affine=True, track_running_stats=True)
        (_depthwise_conv): Conv3d(2304, 2304, kernel_size=(5, 5, 5), stride=(1, 1, 1), groups=2304, bias=False)
        (_depthwise_conv_padding): ConstantPad3d(padding=(2, 2, 2, 2, 2, 2), value=0.0)
        (_bn1): BatchNorm3d(2304, eps=0.001, momentum=0.01, affine=True, track_running_stats=True)
        (_se_adaptpool): AdaptiveAvgPool3d(output_size=1)
        (_se_reduce): Conv3d(2304, 96, kernel_size=(1, 1, 1), stride=(1, 1, 1))
        (_se_reduce_padding): Identity()
        (_se_expand): Conv3d(96, 2304, kernel_size=(1, 1, 1), stride=(1, 1, 1))
        (_se_expand_padding): Identity()
        (_project_conv): Conv3d(2304, 384, kernel_size=(1, 1, 1), stride=(1, 1, 1), bias=False)
        (_project_conv_padding): Identity()
        (_bn2): BatchNorm3d(384, eps=0.001, momentum=0.01, affine=True, track_running_stats=True)
        (_swish): MemoryEfficientSwish()
      )
    )
    (6): Sequential(
      (51): MBConvBlock(
        (_expand_conv): Conv3d(384, 2304, kernel_size=(1, 1, 1), stride=(1, 1, 1), bias=False)
        (_expand_conv_padding): Identity()
        (_bn0): BatchNorm3d(2304, eps=0.001, momentum=0.01, affine=True, track_running_stats=True)
        (_depthwise_conv): Conv3d(2304, 2304, kernel_size=(3, 3, 3), stride=(1, 1, 1), groups=2304, bias=False)
        (_depthwise_conv_padding): ConstantPad3d(padding=(1, 1, 1, 1, 1, 1), value=0.0)
        (_bn1): BatchNorm3d(2304, eps=0.001, momentum=0.01, affine=True, track_running_stats=True)
        (_se_adaptpool): AdaptiveAvgPool3d(output_size=1)
        (_se_reduce): Conv3d(2304, 96, kernel_size=(1, 1, 1), stride=(1, 1, 1))
        (_se_reduce_padding): Identity()
        (_se_expand): Conv3d(96, 2304, kernel_size=(1, 1, 1), stride=(1, 1, 1))
        (_se_expand_padding): Identity()
        (_project_conv): Conv3d(2304, 640, kernel_size=(1, 1, 1), stride=(1, 1, 1), bias=False)
        (_project_conv_padding): Identity()
        (_bn2): BatchNorm3d(640, eps=0.001, momentum=0.01, affine=True, track_running_stats=True)
        (_swish): MemoryEfficientSwish()
      )
      (52): MBConvBlock(
        (_expand_conv): Conv3d(640, 3840, kernel_size=(1, 1, 1), stride=(1, 1, 1), bias=False)
        (_expand_conv_padding): Identity()
        (_bn0): BatchNorm3d(3840, eps=0.001, momentum=0.01, affine=True, track_running_stats=True)
        (_depthwise_conv): Conv3d(3840, 3840, kernel_size=(3, 3, 3), stride=(1, 1, 1), groups=3840, bias=False)
        (_depthwise_conv_padding): ConstantPad3d(padding=(1, 1, 1, 1, 1, 1), value=0.0)
        (_bn1): BatchNorm3d(3840, eps=0.001, momentum=0.01, affine=True, track_running_stats=True)
        (_se_adaptpool): AdaptiveAvgPool3d(output_size=1)
        (_se_reduce): Conv3d(3840, 160, kernel_size=(1, 1, 1), stride=(1, 1, 1))
        (_se_reduce_padding): Identity()
        (_se_expand): Conv3d(160, 3840, kernel_size=(1, 1, 1), stride=(1, 1, 1))
        (_se_expand_padding): Identity()
        (_project_conv): Conv3d(3840, 640, kernel_size=(1, 1, 1), stride=(1, 1, 1), bias=False)
        (_project_conv_padding): Identity()
        (_bn2): BatchNorm3d(640, eps=0.001, momentum=0.01, affine=True, track_running_stats=True)
        (_swish): MemoryEfficientSwish()
      )
      (53): MBConvBlock(
        (_expand_conv): Conv3d(640, 3840, kernel_size=(1, 1, 1), stride=(1, 1, 1), bias=False)
        (_expand_conv_padding): Identity()
        (_bn0): BatchNorm3d(3840, eps=0.001, momentum=0.01, affine=True, track_running_stats=True)
        (_depthwise_conv): Conv3d(3840, 3840, kernel_size=(3, 3, 3), stride=(1, 1, 1), groups=3840, bias=False)
        (_depthwise_conv_padding): ConstantPad3d(padding=(1, 1, 1, 1, 1, 1), value=0.0)
        (_bn1): BatchNorm3d(3840, eps=0.001, momentum=0.01, affine=True, track_running_stats=True)
        (_se_adaptpool): AdaptiveAvgPool3d(output_size=1)
        (_se_reduce): Conv3d(3840, 160, kernel_size=(1, 1, 1), stride=(1, 1, 1))
        (_se_reduce_padding): Identity()
        (_se_expand): Conv3d(160, 3840, kernel_size=(1, 1, 1), stride=(1, 1, 1))
        (_se_expand_padding): Identity()
        (_project_conv): Conv3d(3840, 640, kernel_size=(1, 1, 1), stride=(1, 1, 1), bias=False)
        (_project_conv_padding): Identity()
        (_bn2): BatchNorm3d(640, eps=0.001, momentum=0.01, affine=True, track_running_stats=True)
        (_swish): MemoryEfficientSwish()
      )
      (54): MBConvBlock(
        (_expand_conv): Conv3d(640, 3840, kernel_size=(1, 1, 1), stride=(1, 1, 1), bias=False)
        (_expand_conv_padding): Identity()
        (_bn0): BatchNorm3d(3840, eps=0.001, momentum=0.01, affine=True, track_running_stats=True)
        (_depthwise_conv): Conv3d(3840, 3840, kernel_size=(3, 3, 3), stride=(1, 1, 1), groups=3840, bias=False)
        (_depthwise_conv_padding): ConstantPad3d(padding=(1, 1, 1, 1, 1, 1), value=0.0)
        (_bn1): BatchNorm3d(3840, eps=0.001, momentum=0.01, affine=True, track_running_stats=True)
        (_se_adaptpool): AdaptiveAvgPool3d(output_size=1)
        (_se_reduce): Conv3d(3840, 160, kernel_size=(1, 1, 1), stride=(1, 1, 1))
        (_se_reduce_padding): Identity()
        (_se_expand): Conv3d(160, 3840, kernel_size=(1, 1, 1), stride=(1, 1, 1))
        (_se_expand_padding): Identity()
        (_project_conv): Conv3d(3840, 640, kernel_size=(1, 1, 1), stride=(1, 1, 1), bias=False)
        (_project_conv_padding): Identity()
        (_bn2): BatchNorm3d(640, eps=0.001, momentum=0.01, affine=True, track_running_stats=True)
        (_swish): MemoryEfficientSwish()
      )
    )
  )
  (_conv_head): Conv3d(640, 2560, kernel_size=(1, 1, 1), stride=(1, 1, 1), bias=False)
  (_conv_head_padding): Identity()
  (_bn1): BatchNorm3d(2560, eps=0.001, momentum=0.01, affine=True, track_running_stats=True)
  (_avg_pooling): AdaptiveAvgPool3d(output_size=1)
  (_dropout): Dropout(p=0.5, inplace=False)
  (_fc): Linear(in_features=2560, out_features=2, bias=True)
  (_swish): MemoryEfficientSwish()
)
Warning: logging configuration file is not found in /projects/ceib/python_enviroments/bimcv_aikit/lib/python3.10/site-packages/bimcv_aikit/training/logger/logger_config.json.
Loading dataset:   0%|          | 0/16 [00:00<?, ?it/s]Loading dataset:   0%|          | 0/16 [00:00<?, ?it/s]
Traceback (most recent call last):
  File "/projects/ceib/python_enviroments/bimcv_aikit/lib/python3.10/site-packages/monai/transforms/transform.py", line 141, in apply_transform
    return _apply_transform(transform, data, unpack_items, lazy, overrides, log_stats)
  File "/projects/ceib/python_enviroments/bimcv_aikit/lib/python3.10/site-packages/monai/transforms/transform.py", line 98, in _apply_transform
    return transform(data, lazy=lazy) if isinstance(transform, LazyTrait) else transform(data)
  File "/projects/ceib/python_enviroments/bimcv_aikit/lib/python3.10/site-packages/monai/transforms/io/dictionary.py", line 164, in __call__
    data = self._loader(d[key], reader)
  File "/projects/ceib/python_enviroments/bimcv_aikit/lib/python3.10/site-packages/monai/transforms/io/array.py", line 282, in __call__
    raise RuntimeError(
RuntimeError: LoadImage cannot find a suitable reader for file: /sub-002299/ses-004352/mim-mr/anat/sub-002299_ses-004352_acq-propeller_run-7_bp-prostate_vp-ax_T2w.nii.gz.
    Please install the reader libraries, see also the installation instructions:
    https://docs.monai.io/en/latest/installation.html#installing-the-recommended-dependencies.
   The current registered: [<monai.data.image_reader.NumpyReader object at 0x7fbdda590d00>, <monai.data.image_reader.PILReader object at 0x7fbdda5910c0>].


The above exception was the direct cause of the following exception:

Traceback (most recent call last):
  File "/clinicfs/projects/ceib/python_enviroments/bimcv_aikit/bin/bimcv_train", line 33, in <module>
    sys.exit(load_entry_point('bimcv-aikit==0.0.1', 'console_scripts', 'bimcv_train')())
  File "/projects/ceib/python_enviroments/bimcv_aikit/lib/python3.10/site-packages/bimcv_aikit/training/train.py", line 65, in main
    train_loader = data_loader(config["data_loader"]["partitions"]["train"])
  File "/clinicfs/userhomes/jaalzate/BIMCV-Prostate-Classification/ClinicalVariablesComparison/Dataloader.py", line 93, in __call__
    dataset = CacheDataset(data=data, transform=self.train_transforms, num_workers=7)
  File "/projects/ceib/python_enviroments/bimcv_aikit/lib/python3.10/site-packages/monai/data/dataset.py", line 821, in __init__
    self.set_data(data)
  File "/projects/ceib/python_enviroments/bimcv_aikit/lib/python3.10/site-packages/monai/data/dataset.py", line 848, in set_data
    self._cache = self._fill_cache(indices)
  File "/projects/ceib/python_enviroments/bimcv_aikit/lib/python3.10/site-packages/monai/data/dataset.py", line 877, in _fill_cache
    return list(tqdm(p.imap(self._load_cache_item, indices), total=len(indices), desc="Loading dataset"))
  File "/projects/ceib/python_enviroments/bimcv_aikit/lib/python3.10/site-packages/tqdm/std.py", line 1180, in __iter__
    for obj in iterable:
  File "/opt/sci-soft/software/PyTorch/2.1.2-Miniconda3-CUDA-11.8.0/lib/python3.10/multiprocessing/pool.py", line 873, in next
    raise value
  File "/opt/sci-soft/software/PyTorch/2.1.2-Miniconda3-CUDA-11.8.0/lib/python3.10/multiprocessing/pool.py", line 125, in worker
    result = (True, func(*args, **kwds))
  File "/projects/ceib/python_enviroments/bimcv_aikit/lib/python3.10/site-packages/monai/data/dataset.py", line 890, in _load_cache_item
    item = self.transform(item, end=first_random, threading=True)
  File "/projects/ceib/python_enviroments/bimcv_aikit/lib/python3.10/site-packages/monai/transforms/compose.py", line 322, in __call__
    result = execute_compose(
  File "/projects/ceib/python_enviroments/bimcv_aikit/lib/python3.10/site-packages/monai/transforms/compose.py", line 111, in execute_compose
    data = apply_transform(
  File "/projects/ceib/python_enviroments/bimcv_aikit/lib/python3.10/site-packages/monai/transforms/transform.py", line 171, in apply_transform
    raise RuntimeError(f"applying transform {transform}") from e
RuntimeError: applying transform <monai.transforms.io.dictionary.LoadImaged object at 0x7fbdda81c6a0>
